# callgrind format
version: 1
creator: callgrind-3.24.0
pid: 5092
cmd:  ./asm
part: 1


desc: I1 cache: 
desc: D1 cache: 
desc: LL cache: 

desc: Timerange: Basic block 0 - 3891443
desc: Trigger: Program termination

positions: line
events: Ir
summary: 133709666


ob=(5) /home/student/seng440/seng440-motion-estimation/asm
fl=(103) ???
fn=(386) 0x0000078d
cob=(2) /usr/lib/arm-linux-gnueabihf/libc.so.6
cfi=(106) ./csu/libc-start.c
cfn=(396) __libc_start_main@@GLIBC_2.34
calls=1 242 
0 133709666

fn=(614) find_all_motion_vectors
0 11
cfn=(618) draw_motion_vectors
calls=1 0 
0 143250
0 2
cob=(2)
cfi=(161) ./libio/ioputs.c
cfn=(688) puts
calls=1 33 
0 166
cob=(1) /usr/lib/arm-linux-gnueabihf/ld-linux-armhf.so.3
cfi=(104) ./elf/../sysdeps/arm/dl-trampoline.S
cfn=(392) _dl_runtime_resolve
calls=1 40 
0 764
cob=(2)
cfi=(114) ./malloc/malloc.c
cfn=(662) free
calls=2 3441 
0 409
0 28
0 47
cfn=(616) find_motion_vector
calls=1 0 
0 133564989

fn=(616)
0 135453
cfn=(617) find_motion_vector'2
calls=1 0 
0 133429534
0 2

fn=(617)
0 133425745
cfn=(617)
calls=14 0 
0 934943695
0 3124
cfn=(617)
calls=284 0 
0 18899568953
0 665

fn=(430) load_frame
cfn=(431) load_frame'2
calls=1 0 
0 133709666

fn=(431)
cfn=(614)
calls=1 0 
0 133709666

fn=(618)
0 16
cob=(2)
cfi=(112) ./libio/iofopen64.c
cfn=(434) fopen64
calls=1 37 
0 6577
cob=(2)
cfi=(140) ./string/../sysdeps/arm/armv7/multiarch/memcpy_impl.S
cfn=(560) __memcpy_neon
calls=1 269 
0 20676
cob=(1)
cfi=(104)
cfn=(392)
calls=1 40 
0 775
cob=(2)
cfi=(114)
cfn=(440) malloc
calls=1 3385 
0 179
0 114063
0 4
fi=(94) ???
cob=(2)
cfi=(114)
cfn=(662)
calls=1 3441 
0 195
cob=(1)
cfi=(104)
cfn=(392)
calls=1 40 
0 761
0 4

fn=(428) main
cfn=(430)
calls=1 0 
0 133709666

ob=(2)
fl=(131) ./libio/filedoalloc.c
fn=(512) _IO_file_doallocate
78 10
+6 3
fi=(130) ./libio/libioP.h
1036 1
fe=(131)
84 1
fi=(130)
1036 2
+1 2
fe=(131)
84 4
cfi=(122) ./libio/fileops.c
cfn=(516) _IO_file_stat
calls=4 1149 
* 179
* 2
+2 4
+11 5
+4 2
cfi=(121) ./libio/genops.c
cfn=(522) _IO_setb
calls=3 355 
* 25
cfi=(114)
cfn=(440)
calls=3 3385 
* 169
* 9
fi=(121)
373 2
+3 1
fe=(131)

fn=(513) _IO_file_doallocate'2
105 1
-27 1
+28 1
-28 1
+28 8

fl=(114)
fn=(666) _int_free_chunk
4574 8
1794 4
4574 8
1794 4
4574 4
1796 4
4582 8
+76 12
+3 16
+6 12
+12 4
-12 4
cfn=(668) _int_free_merge_chunk
calls=4 +40 
* 427

fn=(452) _int_malloc
3904 3
1328 3
3904 3
1328 3
+19 15
3945 6
1794 6
+2 3
3972 6
+63 6
+62 30
+1 6
+19 3
+1 3
-1 3
+1 3
-1 3
+1 24
-2 15
+12 15
-90 2
+2 3
4545 9
4315 12
+2 6
+3 2
-3 2
+3 4
+72 6
-4 3
+1 3
+3 3
-3 3
+1 3
+2 3
-1 6
+6 12
4037 3
-45 9
4404 4
-3 15
4501 3
+3 3
-2 6
+2 6
+3 9
+5 3
-3 6
+9 3
-6 3
+2 3
-2 12
-2 3
+2 3
-1 3
+6 3
-5 3
+6 3
-4 3
+4 3
cfn=(462) alloc_perturb
calls=9 1987 
* 15
+1 3

fn=(462)
1987 12
+2 3

fn=(662)
3441 10
-4 5
+12 10
+4 5
-16 5
+12 10
+2 5
+2 5
-4 5
+4 5
+17 35
fi=(115) ./malloc/arena.c
153 10
fe=(114)
3479 20
+1 10
fi=(115)
153 10
fe=(114)
4690 5
4558 15
+1 10
+4 10
3253 35
-1 5
+1 5
-1 5
+1 15
+9 6
+3 6
3165 2
+4 1
-2 3
+1 1
+1 1
3271 1
4699 16
cfn=(666)
calls=4 4574 
* 515
* 4

fn=(682) _int_free_maybe_consolidate.part.0
4826 36
+9 9
+3 12
-12 3
+29 3
-29 3
+29 24
-14 24

fn=(670) _int_free_create_chunk
4755 8
+1 4
-1 12
+1 8
+3 6
+3 6
+4 4
+4 2
-4 4
+4 2
+9 3
-1 3
+2 6
+2 9
-2 3
+20 3
+4 3
-3 3
+1 3
+2 3
+1 3
+15 3
-57 2
cfn=(684) unlink_chunk.isra.0
calls=1 1612 
* 20
+1 1
+6 2
+43 1
+1 2
+1 1
+5 1

fn=(668)
4707 4
+1 4
+4 4
-5 4
+5 8
+3 24
+5 12
+3 4
+1 8
+1 12
1994 20
4731 12
+11 24
cfn=(670)
calls=4 +13 
* 131
+91 8
-89 14
cfn=(682)
calls=3 +82 
* 114
-27 12
-2 8

fn=(684)
1612 1
-2 1
+2 4
+4 1
+2 6
+3 1
+2 1
-1 1
+1 3
+24 1

fn=(440)
3385 6
+7 15
1328 6
3361 6
1347 3
3361 6
1347 3
3361 3
1347 6
3359 6
+2 3
-2 6
+2 3
3215 15
+2 2
3432 6
-28 15
+2 12
cfn=(452)
calls=9 3904 
* 371
+1 18
fi=(115)
153 6
fe=(114)

fl=(154) ./stdio-common/Xprintf_buffer_done.c
fn=(612) __printf_buffer_done
26 2
-1 1
+6 1
+2 1
-2 1
+2 12
+7 2

fl=(156) ./stdio-common/fprintf.c
fn=(626) fprintf
27 1
+5 1
-5 11
+4 1
+1 1
cfi=(143) ./stdio-common/vfprintf-internal.c
cfn=(574) __vfprintf_internal
calls=1 1522 
* 1526
-5 1
+9 1
-9 1
+9 10

fl=(120) ./string/../sysdeps/arm/memset.S
fn=(466) memset
28 1
+1 1
+1 1
+3 1
+1 1
+1 1
+1 1
+2 1
+1 1
+1 1
+1 1
+3 1
+1 1
+1 1
+1 1
+1 1
+1 1
+1 1
+1 1
+1 1
-8 3
+1 3
+1 3
+1 3
+1 3
+1 3
+1 2
+1 2
+1 2
-2 1
+1 1
+1 1
+2 1
+2 1
+1 1
+1 1
+1 1
+1 1
+1 1
+1 1
+1 1
+1 1
+2 1

fl=(113) ./libio/iofopen.c
fn=(436) __fopen_internal
0 7
fi=(103)
cfi=(159) ./libio/iofclose.c
cfn=(644) fclose@@GLIBC_2.4
calls=1 34 
0 679
cfi=(157) ./libio/iofwrite.c
cfn=(630) fwrite
calls=1 31 
0 1311
cfi=(156)
cfn=(626)
calls=1 27 
0 1554
cob=(1)
cfi=(104)
cfn=(392)
calls=3 40 
0 2365
fi=(103)
0 28
fe=(113)
57 2
+8 1
-8 3
+8 1
cfi=(121)
cfn=(468) _IO_no_init
calls=2 589 
* 438
cfi=(114)
cfn=(440)
calls=3 3385 
* 169
* 17

fn=(437) __fopen_internal'2
73 1
+1 1
-1 1
+1 1
cfi=(122)
cfn=(472) _IO_new_file_init_internal
calls=2 +38 
* 122
+1 5
cfi=(122)
cfn=(480) _IO_file_fopen@@GLIBC_2.4
calls=2 214 
* 247
* 1
-38 3
+44 3

fl=(132) ./io/../sysdeps/unix/sysv/linux/fstat64.c
fn=(518) __fstat64_time64
30 1
+35 2
+5 4
cfi=(133) ./io/../sysdeps/unix/sysv/linux/fstatat64.c
cfn=(520) __fstatat64_time64
calls=4 +76 
* 170

fl=(157)
fn=(630)
31 1
+1 1
-1 2
+4 2
+2 17
+1 2
fi=(130)
1036 1
fe=(157)
39 1
fi=(130)
1036 2
+1 2
fe=(157)
39 4
cfi=(122)
cfn=(600) _IO_file_xsputn@@GLIBC_2.4
calls=1 1199 
* 1245
fi=(130)
990 1
fe=(157)
45 2
-6 1
+6 1
fi=(130)
990 2
fe=(157)
45 3
+1 1
-1 1
+4 3
-11 2
fi=(130)
991 10
fe=(157)
37 4

fl=(112)
fn=(434)
37 2
cfi=(113)
cfn=(436)
calls=3 +20 
* 6575

fl=(127) ./string/../sysdeps/arm/armv6/strchr.S
fn=(492) index
28 1
+1 1
+8 1
+1 1
+1 1
+1 1
+1 1
+1 1
+93 1
+1 1
+1 1
+1 1

fl=(144) ./stdio-common/../include/printf_buffer.h
fn=(576) __printf_buffer_to_file_init
127 1
fi=(145) ./stdio-common/printf_buffer_to_file.c
-18 1
+2 1
fe=(144)
+26 1
-13 1
+4 1
-2 1
+2 1
-1 1
fi=(145)
-15 1
cfn=(578) __printf_buffer_to_file_switch
calls=3 -82 
* 9
fe=(144)

fl=(161)
fn=(688)
33 4
+2 1
cfi=(162) ./string/../sysdeps/arm/armv6t2/strlen.S
cfn=(690) strlen
calls=1 +19 
* 40
+1 1
-3 1
+2 1
+1 5
-3 1
+6 3
fi=(130)
1036 1
fe=(161)
40 1
fi=(130)
1036 2
+1 2
fe=(161)
40 4
cfi=(122)
cfn=(600)
calls=1 1199 
* 54
* 2
+1 9
+1 1
fi=(130)
990 3
+1 9
fe=(161)
36 8
+2 2
-2 6
fi=(130)
991 2
fe=(161)
46 3

fl=(106)
fn=(396)
cfi=(108) ./csu/../sysdeps/nptl/libc_start_call_main.h
cfn=(420) (below main)
calls=1 29 
350 133709666

fl=(125) ./nptl/cancellation.c
fn=(486) __syscall_cancel
74 8
+1 28
cfn=(488) __internal_syscall_cancel
calls=13 -45 
* 88
+4 8
+1 8

fn=(488)
30 4
+2 4
-2 12
+7 8
+1 16
+2 20
cfi=(90) ./csu/../sysdeps/unix/sysv/linux/arm/libc-do-syscall.S
cfn=(336) __libc_do_syscall
calls=13 * 
* 16
+24 8

fl=(121)
fn=(470) _IO_old_init
560 1
-2 3
+2 1
-2 1
+23 2
-21 1
+3 1
-3 1
+4 1
-4 2
+5 1
+1 1
+1 1
+1 1
+1 2
+1 1
+3 1
+2 1
+1 1
+5 1
+1 2
+2 1

fn=(508) _IO_doallocbuf
fi=(122)
756 2
+9 2
+1 2
+4 1
-4 1
+4 2
+2 2
+1 1
-7 2
+1 1
+6 1
-5 1
+5 1
+3 2
+1 2
+12 1
-12 2
-4 2
+1 3
-27 1
+9 1
-9 3
fe=(121)
370 2
+2 1
-3 2
+3 2
fi=(130)
1036 1
fe=(121)
373 1
fi=(130)
1036 2
+1 2
fe=(121)
373 3
cfi=(131)
cfn=(512)
calls=4 78 
* 421

fn=(522)
fi=(122)
163 3
-8 1
+3 1
-3 2
+1 2
+2 1
cfi=(121)
cfn=(646) _IO_un_link
calls=1 -90 
* 4
+2 1
+1 2
-2 2
+1 1
-1 1
+2 1
+3 2
fe=(121)
355 4
+1 2
-1 4
+1 2
-1 2
+1 4
+3 1
+1 1
+1 2
+3 1
cfi=(131)
cfn=(513)
calls=4 105 
* 12
-7 1
cfi=(114)
cfn=(662)
calls=1 3441 
* 135
* 10

fn=(648) __GI__IO_un_link.part.0
66 1
+6 2
-6 2
+6 3
+1 1
-1 1
+1 1
-7 7
+6 1
cfi=(123) ./nptl/libc-cleanup.c
cfn=(476) __libc_cleanup_push_defer
calls=1 -47 
* 12
+1 9
+1 1
+1 1
-1 1
+1 1
-1 1
+1 8
+7 1
-1 1
+2 1
+1 1
+1 1
+13 1
-2 1
+2 1
-2 2
+2 7
+3 2
cfi=(123)
cfn=(478) __libc_cleanup_pop_restore
calls=1 -47 
* 10
-35 1
+38 1
-38 1
+38 8
-4 5
-25 2
+2 1
-2 2
+2 2
-2 1
+2 2
+21 1
+1 1
-1 1
+1 1
-1 1
+2 1
-1 1
+1 3
-27 4

fn=(610) _IO_default_xsputn
397 2
+3 4
fi=(130)
1036 6
fe=(121)
399 2
fi=(130)
1036 2
fe=(121)
405 6
+2 2
+1 6
+2 4
+5 1
+8 2
+2 4
-13 3
cob=(3) ???
cfi=(94)
cfn=(558) 0x0488ef90
calls=2 0 
* 373
+1 1
-1 2
+1 1
+17 4
-11 2
+1 2
-1 2
+1 28
-1 28
+2 3

fn=(652) _IO_unsave_markers
971 1
-2 2
+2 1
+5 2
+2 1

fn=(676) _IO_default_finish
627 2
+2 2
+6 2
+3 2
68 3
650 1

fn=(474) _IO_link_in
109 18
+1 6
-1 2
+25 2
-25 2
+25 16
-20 2
-2 3
+2 4
cfi=(123)
cfn=(476)
calls=3 -89 
* 12
+1 11
+13 5
+1 1
-1 1
+1 1
-1 1
+2 1
-1 1
+1 7
+1 2
cfi=(123)
cfn=(478)
calls=3 -77 
* 10
+3 1
-17 1
-2 2
+1 1
-1 1
+2 9
+2 2
+3 1
-3 2
+4 1
+3 1
-2 2
+4 1

fn=(468)
589 4
+1 1
cfn=(470)
calls=3 -30 
* 28
+2 1
-1 1
+21 3
-20 1
+15 1
-12 1
-1 1
+13 1
-11 1
+1 1
+2 1
+2 1
+1 1
+1 1
+2 1
+8 2
+1 1
cfi=(113)
cfn=(437)
calls=2 73 
* 385

fn=(646)
68 6
+36 2
cfn=(648)
calls=1 -38 
* 122

fl=(122)
fn=(472)
112 1
-1 1
-4 2
+5 2
-1 1
+1 1
+2 1
cfi=(121)
cfn=(474)
calls=3 -5 
* 110
+1 2
+1 1

fn=(516)
1149 2
cfi=(132)
cfn=(518)
calls=4 30 
* 177

fn=(636) new_do_write
435 3
-2 6
fi=(130)
1036 3
fe=(122)
433 6
fi=(130)
1036 3
fe=(122)
433 3
+2 6
+15 3
fi=(130)
1036 3
+1 6
fe=(122)
450 15
cfn=(638) _IO_file_write@@GLIBC_2.4
calls=4 1175 
* 207
+1 3
-1 3
+1 12
+6 3
-4 3
+4 3
-3 3
-1 6
+4 6
-2 3
+4 9
-17 12
+14 15

fn=(656) _IO_file_close
1169 2
cfi=(160) ./io/../sysdeps/unix/sysv/linux/close_nocancel.c
cfn=(658) __close_nocancel
calls=1 26 
* 199

fn=(674) _IO_file_finish@@GLIBC_2.4
169 2
+1 3
+6 2
+1 1
-1 1
cfi=(121)
cfn=(676)
calls=1 627 
* 12

fn=(608) _IO_do_write@@GLIBC_2.4
425 2
+2 4
* 2
cfn=(636)
calls=3 +8 
* 230
* 6
+1 2

fn=(482) _IO_file_open
183 6
+4 1
-4 1
+4 1
-2 1
+2 1
-2 1
+1 1
-1 1
+4 1
cfi=(124) ./io/../sysdeps/unix/sysv/linux/open.c
cfn=(484) open
calls=3 32 
* 72
* 1
+1 2
+3 3
-1 1
+1 3
+3 2
-3 1
+3 1
+10 2
cfi=(121)
cfn=(474)
calls=3 -97 
* 23
+1 1
+1 2

fn=(650) _IO_file_close_it@@GLIBC_2.4
fi=(130)
1036 1
fi=(159)
57 1
fi=(130)
1036 2
+1 2
fi=(159)
57 4
cfi=(122)
cfn=(674)
calls=1 169 
* 21
+1 3
fi=(130)
962 4
+1 12
+6 2
cfi=(114)
cfn=(662)
calls=1 3441 
* 72
* 5
+21 2
+1 10
fi=(159)
71 3
fi=(130)
990 1
fi=(159)
53 1
fi=(130)
990 2
fe=(122)
129 1
+2 3
+4 4
-1 1
+4 2
-4 1
+6 2
cfi=(121)
cfn=(652)
calls=1 971 
* 7
+2 1
+1 4
fi=(130)
1036 1
fe=(122)
143 1
fi=(130)
1036 2
+1 2
fe=(122)
143 3
cfn=(656)
calls=1 1169 
* 201
-7 6
cfn=(608)
calls=1 425 
* 123
* 2

fn=(600)
1199 3
+6 3
-6 3
+6 6
+7 9
+2 3
-2 9
+17 9
+1 4
+5 2
+2 2
-2 6
+2 2
cob=(3)
cfi=(94)
cfn=(558)
calls=2 0 
* 519
+1 2
-1 2
+2 2
-2 2
+4 4
+7 1
+21 6
-68 1
fi=(130)
1036 1
fe=(122)
1245 1
fi=(130)
1036 2
+1 2
-1 1
fe=(122)
1245 1
fi=(130)
1036 2
+1 2
fe=(122)
1245 8
cfn=(602) _IO_file_overflow@@GLIBC_2.4
calls=3 734 
* 632
* 4
+6 4
+1 8
cfi=(92) ???
cfn=(340) __aeabi_uidivmod
calls=3 0 
* 38
+2 4
+11 4
+1 8
cfi=(121)
cfn=(610)
calls=3 397 
* 490
+2 6
-12 4
cfn=(636)
calls=1 435 
* 115
+2 1
+1 2
-2 1
+2 1
-1 1

fn=(638)
1175 6
+2 9
-1 6
+6 3
cfi=(158) ./io/../sysdeps/unix/sysv/linux/write.c
cfn=(640) write
calls=4 25 
* 132
+1 6
+5 3
+1 3
-12 6
+4 3
+1 12
+10 9
+3 3
-4 6

fn=(480)
214 10
+9 3
+2 5
+21 1
-8 1
+10 14
-34 1
358 1
214 1
358 9
246 2
+36 5
cfn=(482)
calls=3 -99 
* 129
+3 3
+3 4
cfi=(126) ./string/strstr.c
cfn=(490) strstr
calls=3 77 
* 44
+1 2
-64 4
+23 8

fn=(602)
425 1
+2 3
+1 1
734 2
-1 4
+1 4
+7 8
+3 2
-3 1
+37 1
-2 2
+1 2
+12 1
-12 2
cfn=(608)
calls=2 425 
* 123
-31 2
cfi=(121)
cfn=(508)
calls=2 370 
* 473

fl=(124)
fn=(484)
32 12
+3 2
+8 6
cfi=(125)
cfn=(486)
calls=3 +31 
* 35
-11 1
+12 1
-12 1
+12 10
-6 1
+1 1
-1 1
+2 1

fl=(150) ./stdio-common/_itoa.c
fn=(590) _itoa_word
169 6
+3 2
* 2
+2 2
-2 2
+2 2
+9 4
-9 2
+9 54
+9 4

fl=(133)
fn=(520)
146 9
-96 2
+96 1
-96 1
+96 3
-96 2
cfi=(90)
cfn=(336)
calls=4 -10 
* 4
+2 3
+4 1
-1 1
+2 1
fi=(173) ./io/../include/sys/sysmacros.h
-8 8
fe=(133)
+10 2
fi=(173)
-10 1
fe=(133)
+11 1
-5 1
+5 1
-5 1
+6 1
fi=(173)
-12 1
fe=(133)
+12 1
fi=(173)
-12 1
fe=(133)
+13 1
fi=(173)
-13 1
fe=(133)
+13 1
+9 2
-7 2
+2 2
+2 1
-10 1
+11 1
+1 1
-7 1
+2 1
+2 1
+1 1
-13 1
cfi=(120)
cfn=(466)
calls=4 -27 
* 58
* 16
fi=(173)
-6 1
fe=(133)
+6 1
fi=(173)
-6 1
fe=(133)
+6 1
fi=(173)
-6 2
fe=(133)
+6 1
fi=(173)
-6 4
fe=(133)
+6 7
161 1
-15 1
+16 1
-16 1
+16 9

fl=(146) ./string/strchrnul.c
fn=(582) strchrnul
35 3
+3 3
fi=(174) ./string/../sysdeps/generic/string-misc.h
+4 6
fi=(175) ./string/../sysdeps/generic/string-shift.h
-9 3
fe=(146)
+9 3
fi=(175)
-9 3
fi=(174)
+9 3
fi=(176) ./string/../sysdeps/arm/armv6t2/string-fza.h
+10 3
-15 6
+15 3
fe=(146)
-8 6
+4 1
fi=(176)
-11 1
+15 1
-15 1
fe=(146)
+12 2
fi=(147) ./string/../sysdeps/generic/string-fzi.h
-10 2
fe=(146)
+12 1
+1 1
fi=(147)
-13 4
fe=(146)
+6 2
+7 2

fl=(92)
fn=(342) __udivsi3
0 22

fn=(340)
0 8
cfn=(342)
calls=6 0 
0 22
0 8

fl=(145)
fn=(596) __printf_buffer_to_file_done
118 2
-1 2
+3 1
cfn=(598) __printf_buffer_flush_to_file
calls=3 -71 
* 685
+1 1
+1 1
-1 1
cfi=(154)
cfn=(612)
calls=3 -95 
* 20

fn=(598)
49 2
+2 1
-2 1
+2 4
+2 1
-2 1
+2 1
-2 1
+2 2
+12 1
+39 2
-39 1
cfn=(578)
calls=2 -35 
* 9
-6 1
-1 1
fi=(177) ./stdio-common/../libio/libioP.h
1036 1
fe=(145)
58 1
+1 1
fi=(177)
1036 2
+1 2
fe=(145)
59 3
cfi=(122)
cfn=(600)
calls=2 1199 
* 644
* 2

fn=(578)
30 6
+10 4
+1 2
+3 4
+1 2

fl=(143)
fn=(580) __printf_buffer
600 6
+27 1
-27 7
fi=(151) ./stdio-common/printf-parse.h
82 1
fe=(143)
627 2
-27 1
+27 1
fi=(151)
82 1
fe=(143)
627 1
+11 1
-11 2
+11 2
fi=(151)
82 1
cfi=(146)
cfn=(582)
calls=3 -47 
* 18
fe=(143)
653 2
fi=(151)
82 2
fe=(143)
653 2
cfi=(148) ./stdio-common/Xprintf_buffer_write.c
cfn=(586) __printf_buffer_write
calls=3 27 
* 44
+2 3
+4 3
+4 16
+42 1
-74 1
+74 3
-63 1
+63 2
-71 2
+71 8
600 1
1044 1
600 1
1044 8
705 2
-7 2
+7 2
-11 2
+11 2
-12 2
-1 2
-1 2
-1 2
+15 2
-18 2
-2 2
+20 4
-21 2
-1 2
+22 4
-6 6
-4 6
1018 2
+6 2
fi=(151)
82 4
fe=(143)
1018 4
fi=(151)
82 2
cfi=(146)
cfn=(582)
calls=6 -47 
* 42
* 2
fe=(143)
1028 8
cfi=(148)
cfn=(586)
calls=6 27 
* 88
+3 9
fi=(149) ./stdio-common/vfprintf-process-arg.c
155 18
cfi=(150)
cfn=(590)
calls=6 +14 
* 80
+46 2
-40 2
+5 2
+35 2
-40 2
+40 8
-40 2
-6 4
+11 2
+35 4
-40 14
+26 10
-1 6
+1 12
+10 6
+4 2
-2 4
+2 4
+7 2
-3 2
+3 10
+3 4
+19 4
-19 2
fi=(144)
-48 4
fi=(149)
+70 4
+3 6
+4 8
cfi=(148)
cfn=(586)
calls=6 27 
* 88
* 2
37 6
+99 6
+59 8
-20 2
+49 4
fi=(144)
-61 4
fi=(149)
-25 6
fe=(143)
784 2
fi=(149)
50 4
+2 4
+5 4
+1 4
-23 2
+23 2
-23 2
+25 2
fe=(143)

fn=(574)
1522 12
+3 1
-3 3
+3 4
+4 5
+11 3
-18 1
+45 1
-45 1
+45 9
-24 4
cfi=(144)
cfn=(576)
calls=3 127 
* 19
+1 5
cfn=(580)
calls=3 600 
* 741
+1 2
cfi=(145)
cfn=(596)
calls=3 118 
* 713
* 2

fl=(158)
fn=(640)
25 3
+1 6
-1 3
+1 9
cfi=(125)
cfn=(486)
calls=4 +48 
* 105
+1 6

fl=(108)
fn=(420)
cob=(5)
cfi=(103)
cfn=(428)
calls=1 0 
58 133709666

fl=(140)
fn=(560)
269 9
+1 9
+1 9
+17 8
+5 28
+2 1
+1 1
+1 1
+15 1
+1 1
+1 1
+1 1
+1 1
+1 1
-24 4
+2 1
+1 1
+1 1
+15 1
+1 1
+1 1
+1 1
+1 1
+1 1
-24 2
+2 1
+1 1
+1 1
+15 1
+1 1
+1 1
+1 1
+1 1
+1 1
-22 5
+1 5
+1 5
+15 5
+1 5
+1 5
+1 5
+1 5
+1 5
+4 3
+4 3
+1 3
+1 3
+1 3
+6 1
+6 1
+1 1
+12 1
+1 1
+2 1
+1 1
+5 5
+1 5
+1 5
+1 5
+1 5
+1 5
+1 5
+1 5
+1 5
+1 5
+1 5
+1 5
+1 5
+1 5
+1 5
+1 5
+1 5
+1 5
+1 5
+1 5
+1 1
+1 1
+73 1
+3 1
+14 1
+1 1
+1 1
+1 1
+1 1
+2 1
+1 1
+1 1
+1 1
+2 1
+1 1
+2 3808
+1 3808
+1 3808
+1 238
+1 238
+1 3808
+1 3808
+1 238
+1 238
+1 238
+1 238
+3 15
+1 15
+1 15
+1 1
+1 1
+1 15
+1 1
+1 1
+1 1
+1 1
+1 1
+1 1
+1 1
+1 1
+1 1
+1 1
+1 1
+1 1
+1 1
+1 1
+1 1
+1 1
+77 2
+1 2
+4 2
+1 2
+1 2
+1 1
+1 1
+1 1
+1 1
+1 1
+1 1
+1 1
+1 1
+1 1
+2 1
+1 1
+1 1
+1 1
-3 1
+1 1
+1 1
+1 1
+1 2
+13 2
+1 2
+1 2
+1 2
+2 109
+1 109
+1 109
+1 109
+1 109
+1 109
+1 109
+2 2
+1 2
+1 2
+73 2
+3 2

fl=(148)
fn=(586)
27 5
+1 10
+3 20
+2 10
+3 5
fi=(178) ./stdio-common/../string/bits/string_fortified.h
-7 5
fe=(148)
+8 15
fi=(178)
-8 5
fe=(148)
+12 5
fi=(178)
-12 5
cob=(3)
cfi=(94)
cfn=(558)
calls=15 -29 
* 90
fe=(148)
+11 5
-9 5
+9 10
-9 5
+2 15
+11 5

fl=(159)
fn=(644)
0 9
34 2
+14 1
-14 1
+14 1
-14 1
+14 1
+1 1
cfi=(121)
cfn=(646)
calls=1 +19 
* 126
+2 11
+1 2
-1 6
+2 2
cfi=(122)
cfn=(650)
calls=1 +76 
* 515

fl=(126)
fn=(490)
77 5
+5 1
-5 5
+5 2
+2 3
cfi=(127)
cfn=(492)
calls=3 -56 
* 12
+1 3
-40 1
+32 1
+84 1
-84 1
+84 9

fl=(162)
fn=(690)
54 1
+1 1
+5 1
+1 1
+1 1
+1 1
+1 1
+1 1
+1 1
+3 1
+1 1
+1 1
+2 1
+1 1
+1 1
+1 1
+1 1
+3 1
+1 1
+1 1
+1 1
+1 1
+1 1
+1 1
+3 1
+1 1
+1 1
+1 1
+1 1
+1 1
+1 1
+14 1
+1 1
+1 1
+1 1
+2 1
+2 1
+1 1
+4 1
+1 1

fl=(160)
fn=(658)
fi=(122)
143 1
+3 3
+8 5
cfi=(121)
cfn=(522)
calls=1 355 
* 180
fe=(160)
26 1
-1 1
+1 1
cfi=(90)
cfn=(336)
calls=1 +14 
* 4
* 2
+1 1

fl=(90)
fn=(336)
40 6
+5 6
+1 6
+1 6

fl=(79) ./string/../sysdeps/arm/armv7/multiarch/ifunc-memcpy.h
fn=(290) memcpy
28 4
fi=(179) ./string/../sysdeps/arm/armv7/multiarch/memcpy.c
+4 1
fe=(79)

fl=(123)
fn=(476)
25 2
+2 2
+2 2
-2 4
+2 2
+3 4
+14 2
-2 2
+4 4

fn=(478)
54 2
+1 2
+2 4
+2 2
-2 2
+2 2
+1 4
+14 2

ob=(1)
fl=(105) ./elf/dl-runtime.c
fn=(394) _dl_fixup
46 12
+8 6
fi=(4) ./elf/../sysdeps/generic/ldsodefs.h
+25 6
fe=(105)
-33 6
+2 6
-2 6
+9 6
-7 24
+7 6
-6 6
+6 6
-7 6
+10 6
-2 6
-8 12
+1 6
+9 6
-2 6
+7 6
-14 6
+14 6
-7 12
+7 6
+4 18
+4 18
+4 18
+1 18
+1 6
-8 18
+16 30
-1 6
+11 72
cfi=(75) ./elf/dl-lookup.c
cfn=(276) _dl_lookup_symbol_x
calls=15 769 
* 4018
+4 6
-4 6
+4 12
+10 84
+15 6
-15 6
+15 18
+9 18
+29 6
-3 24
fi=(7) ./elf/../sysdeps/arm/dl-machine.h
+53 6
fe=(105)
-49 12
fi=(155) ./elf/../sysdeps/arm/dl-irel.h
33 4
cob=(2)
cfi=(79)
cfn=(290)
calls=1 -5 
* 5
fe=(105)
+92 2

fl=(28) ./string/../sysdeps/arm/armv7/strcmp.S
fn=(68) strcmp
158 12
+1 12
+1 12
+1 12
+1 12
+1 12
+2 12
+4 12
+1 12
+3 12
+1 12
+1 12
+3 12
+1 12
+1 12
+4 1
+1 1
+1 1
+1 1
+1 1
+1 1
+1 1
+1 1
+1 1
+1 1
+1 1
+1 1
+15 1
+1 1
+1 1
+1 1
+1 1
+1 1
+1 1
+1 1
+18 11
+8 11
+1 11
+41 11
+1 11
+1 3
+1 3
+1 3
+1 3
+1 3
+1 1
+33 2
+1 2
+1 2
+1 2
+1 2
+16 3
+6 3
+1 3
+2 3
+1 3
+1 3
-5 8
+1 8
+2 8
+1 8
+1 8
+1 8
+4 18
+1 18
+1 18
+1 18
+1 18
+1 18
+1 12
+1 12
+1 12
+1 12
+1 12
+1 12
+6 6
+1 6
+24 3
+1 3
+1 3
+1 3
+1 3
+1 3
+1 1
+1 1
+1 1
+1 1
+1 1
+1 1
+5 2
+1 2
+2 1
+1 1
+4 1
+9 6
+1 6
+1 6
+1 6
+1 6
+1 6
+1 3
+1 3
+1 3
+1 3
+1 3
+1 3
+5 3
+1 3
+1 2
+2 2
+1 2
+1 2
+3 8
+1 8
+8 8
+5 3
+1 3
+3 3
+1 3
+1 3
+1 3
+1 3
+1 3
+1 3
+1 3
+7 3
+1 3

fl=(1) ???
fn=(246) __udivsi3
0 768

fn=(244) __aeabi_uidivmod
0 24
cfn=(246)
calls=116 0 
0 768
0 24

fn=(0) _dl_help
cfi=(2) ./elf/rtld.c
cfn=(2) _dl_start
calls=1 548 
0 133709666

fl=(2)
fn=(2)
fi=(1)
cob=(5)
cfi=(103)
cfn=(386)
calls=1 0 
0 133709666
fe=(2)

fl=(75)
fn=(276)
769 36
+6 6
-6 6
+6 12
fi=(76) ./elf/../sysdeps/generic/dl-new-hash.h
74 6
+3 18
-7 6
+31 6
-21 6
+1 12
-1 11
+1 22
+21 48
-28 16
+30 16
-27 32
fe=(75)
775 6
-4 12
+4 18
+4 36
+9 6
-7 6
+7 12
-6 12
+6 18
-15 18
+15 12
-15 30
+16 96
cfn=(280) do_lookup_x
calls=114 344 
* 3246
* 18
+28 6
-28 18
+28 6
-28 6
+5 12
-5 6
+29 42
+35 42
+14 18
+3 30
+19 6
-76 6
+76 12
fi=(76)
87 1
+2 1
+1 1
fe=(75)

fn=(280)
344 42
+1 6
+6 6
+46 6
fi=(77) ./elf/../sysdeps/generic/dl-protected.h
29 6
fe=(75)
397 6
-10 6
fi=(77)
29 6
fe=(75)
362 12
+25 6
fi=(77)
29 6
fe=(75)
362 6
+35 6
-35 12
+31 36
+4 18
+1 18
+3 18
+1 18
-1 18
fi=(4)
79 18
fe=(75)
402 18
-1 72
+1 18
+3 18
-3 18
+4 36
+4 18
+2 18
-2 18
-2 18
+5 54
+3 90
+99 36
355 36
+3 36
+4 36
+21 54
+4 54
fi=(4)
139 12
+1 6
fe=(75)
473 12
fi=(77)
29 36
fe=(75)
480 40
+16 12
+1 6
+1 6
+21 12
-99 18
cfi=(1)
cfn=(244)
calls=109 0 
* 816
-1 6
+2 6
-2 6
+2 12
+2 6
+6 36
-6 6
+6 36
+7 30
-10 56
+2 6
+1 12
-1 6
+1 60
cfn=(282) check_match
calls=107 70 
* 1004
+4 48
+51 10

fn=(282)
70 36
+3 42
+13 12
-13 24
+13 6
-13 6
+13 18

ob=(3)
fl=(94)
fn=(558)
0 24
cob=(2)
cfi=(140)
cfn=(560)
calls=23 269 
0 958

ob=(1)
fl=(75)
fn=(282)
89 42
cfi=(28)
cfn=(68)
calls=45 +69 
* 338
* 6
+4 6
+1 6
+4 6
+4 6
+1 6
-1 6
+1 42
+1 18
cfi=(28)
cfn=(68)
calls=103 +54 
* 360
* 6
+54 6
+1 6

fl=(104)
fn=(392)
40 6
+8 6
+4 6
+1 6
+1 6
+3 6
cfi=(105)
cfn=(394)
calls=15 -11 
* 4611
+3 6
+4 6
+4 6

totals: 133709666
